// Jest Snapshot v1, https://goo.gl/fbAQLP

exports[`ErrorView should handle error messages 1`] = `"<div>An error occurred: false</div>,"`;
