// Jest Snapshot v1, https://goo.gl/fbAQLP

exports[`LoadingView Shows loading... if connection is slow 1`] = `"<div>Loading...</div>,"`;
