// Jest Snapshot v1, https://goo.gl/fbAQLP

exports[`message list show messages 1`] = `"<div class=\\"messagePage\\"><a class=\\"backBtn\\" href=\\"/profile\\">Back</a><h1>Chat</h1><li><a href=\\"/messages/1/edit\\">()  hei, hva skjer?: </a></li></div>"`;
