// Jest Snapshot v1, https://goo.gl/fbAQLP

exports[`Navbar Should render the navigation bar 1`] = `"<nav class=\\"navbar navbar-expand-md navbar-dark bg-dark mb-4\\"><div class=\\"container-fluid\\"><div><ul class=\\"navbar-nav me-auto mb-2 mb-md-0\\"><li class=\\"nav-item\\"><a class=\\"nav-link active\\" aria-current=\\"page\\" href=\\"/login\\">Login</a></li><li class=\\"nav-item\\"></li><li class=\\"nav-item\\"><a class=\\"nav-link active\\" aria-current=\\"page\\" href=\\"/profile\\">Messages</a></li></ul></div></div></nav>,"`;
