// Jest Snapshot v1, https://goo.gl/fbAQLP

exports[`Profile to see the profile 1`] = `"<div>Loading...</div>,"`;
